
   INFO  Server running on [http://127.0.0.1:8000].  

  Press Ctrl+C to stop the server

  2026-08-06 13:46:35 ...................................................................................... ~ 1.02ms
  2026-08-06 13:50:42 ...................................................................................... ~ 0.93ms
  2026-08-06 13:50:43 .......................................................................................... ~ 4s
  2026-08-06 13:50:47 ......................................................................................... ~ 24s
  2026-08-06 13:51:12 ...................................................................................... ~ 2.92ms
  2026-08-06 13:51:13 .................................................................................... ~ 509.00ms
  2026-08-06 13:51:13 .................................................................................... ~ 511.01ms
  2026-08-06 13:51:25 ...................................................................................... ~ 2.11ms
  2026-08-06 13:51:25 .................................................................................... ~ 507.46ms
  2026-08-06 13:51:25 ......................................................................................... ~ 13s
  2026-08-06 13:51:39 .................................................................................... ~ 514.00ms
  2026-08-06 13:51:39 ...................................................................................... ~ 1m 27s
  2026-08-06 13:53:58 ...................................................................................... ~ 4.09ms
  2026-08-06 13:53:59 ...................................................................................... ~ 3.23ms
  2026-08-06 13:53:59 .................................................................................... ~ 508.62ms
  2026-08-06 13:53:59 ...................................................................................... ~ 0.19ms
  2026-08-06 13:53:59 .................................................................................... ~ 517.14ms
  2026-08-06 13:53:59 .................................................................................... ~ 518.36ms
  2026-08-06 13:53:59 .................................................................................... ~ 519.47ms
  2026-08-06 13:53:59 .................................................................................... ~ 520.58ms
  2026-08-06 13:53:59 .......................................................................................... ~ 1s
  2026-08-06 13:54:00 .................................................................................... ~ 504.27ms
  2026-08-06 13:54:00 ...................................................................................... ~ 1.23ms
  2026-08-06 13:54:01 .................................................................................... ~ 511.79ms
  2026-08-06 13:54:01 ...................................................................................... ~ 0.15ms
  2026-08-06 13:54:01 ...................................................................................... ~ 0.17ms
  2026-08-06 13:54:04 ...................................................................................... ~ 2.58ms
  2026-08-06 13:54:04 ...................................................................................... ~ 3.97ms
  2026-08-06 13:54:04 .................................................................................... ~ 507.23ms
  2026-08-06 13:54:04 .................................................................................... ~ 508.52ms
  2026-08-06 13:54:05 .................................................................................... ~ 514.04ms
  2026-08-06 13:54:05 .................................................................................... ~ 515.23ms
  2026-08-06 13:54:05 ...................................................................................... ~ 1.94ms
  2026-08-06 13:54:05 ...................................................................................... ~ 1.54ms
  2026-08-06 13:54:05 .................................................................................... ~ 507.63ms
  2026-08-06 13:54:06 .................................................................................... ~ 507.47ms
  2026-08-06 13:54:06 ...................................................................................... ~ 1.47ms
  2026-08-06 13:54:06 .................................................................................... ~ 513.26ms
  2026-08-06 13:54:06 .................................................................................... ~ 513.07ms
  2026-08-06 13:54:06 ...................................................................................... ~ 2.45ms
  2026-08-06 13:54:06 ...................................................................................... ~ 1.60ms
  2026-08-06 13:54:07 .................................................................................... ~ 511.29ms
  2026-08-06 13:54:07 .................................................................................... ~ 511.57ms
  2026-08-06 13:54:07 ...................................................................................... ~ 1.34ms
  2026-08-06 13:54:07 ...................................................................................... ~ 1.29ms
  2026-08-06 13:54:07 .................................................................................... ~ 509.12ms
  2026-08-06 13:54:07 .................................................................................... ~ 510.26ms
  2026-08-06 13:54:07 ...................................................................................... ~ 1.84ms
  2026-08-06 13:54:07 .................................................................................... ~ 512.63ms
  2026-08-06 13:54:08 .................................................................................... ~ 512.72ms
  2026-08-06 13:54:08 ...................................................................................... ~ 1.39ms
  2026-08-06 13:54:08 .................................................................................... ~ 507.84ms
  2026-08-06 13:54:08 .................................................................................... ~ 508.03ms
  2026-08-06 13:54:08 ...................................................................................... ~ 1.96ms
  2026-08-06 13:54:08 .................................................................................... ~ 511.96ms
  2026-08-06 13:54:09 .................................................................................... ~ 512.02ms
  2026-08-06 13:54:09 ...................................................................................... ~ 1.62ms
  2026-08-06 13:54:09 .................................................................................... ~ 513.09ms
  2026-08-06 13:54:09 .................................................................................... ~ 513.29ms
  2026-08-06 13:54:09 ...................................................................................... ~ 1.38ms
  2026-08-06 13:54:10 .................................................................................... ~ 513.80ms
  2026-08-06 13:54:10 .................................................................................... ~ 513.80ms
  2026-08-06 13:54:10 ...................................................................................... ~ 1.26ms
  2026-08-06 13:54:10 ...................................................................................... ~ 1.25ms
  2026-08-06 13:54:10 .................................................................................... ~ 507.69ms
  2026-08-06 13:54:10 .................................................................................... ~ 507.89ms
  2026-08-06 13:54:10 ...................................................................................... ~ 1.30ms
  2026-08-06 13:54:11 .................................................................................... ~ 514.49ms
  2026-08-06 13:54:11 .................................................................................... ~ 514.76ms
  2026-08-06 13:54:11 ...................................................................................... ~ 1.44ms
  2026-08-06 13:54:11 ...................................................................................... ~ 1.51ms
  2026-08-06 13:54:11 .................................................................................... ~ 511.91ms
  2026-08-06 13:54:11 .................................................................................... ~ 513.36ms
  2026-08-06 13:54:11 ...................................................................................... ~ 3.59ms
  2026-08-06 13:54:11 .................................................................................... ~ 508.60ms
  2026-08-06 13:54:12 .................................................................................... ~ 508.14ms
  2026-08-06 13:54:12 ...................................................................................... ~ 1.42ms
  2026-08-06 13:54:12 .................................................................................... ~ 513.03ms
  2026-08-06 13:54:12 .................................................................................... ~ 512.82ms
  2026-08-06 13:54:12 ...................................................................................... ~ 1.55ms
  2026-08-06 13:54:13 .................................................................................... ~ 514.07ms
  2026-08-06 13:54:13 .................................................................................... ~ 514.62ms
  2026-08-06 13:54:13 ...................................................................................... ~ 1.49ms
  2026-08-06 13:54:13 .................................................................................... ~ 510.30ms
  2026-08-06 13:54:13 .................................................................................... ~ 510.32ms
  2026-08-06 13:54:14 ...................................................................................... ~ 1.26ms
  2026-08-06 13:54:14 .................................................................................... ~ 510.38ms
  2026-08-06 13:54:14 .................................................................................... ~ 511.40ms
  2026-08-06 13:54:14 .................................................................................... ~ 508.55ms
  2026-08-06 13:54:14 .................................................................................... ~ 508.54ms
  2026-08-06 13:54:15 ...................................................................................... ~ 0.14ms
  2026-08-06 13:54:15 ...................................................................................... ~ 0.37ms
  2026-08-06 13:54:16 ...................................................................................... ~ 2.33ms
  2026-08-06 13:54:16 ...................................................................................... ~ 2.55ms
  2026-08-06 13:54:19 ...................................................................................... ~ 2.07ms
  2026-08-06 13:54:19 .................................................................................... ~ 510.63ms
  2026-08-06 13:54:19 ......................................................................................... ~ 28s
  2026-08-06 13:54:48 .................................................................................... ~ 511.98ms
  2026-08-06 13:54:49 ...................................................................................... ~ 0.86ms
  2026-08-06 13:54:49 ...................................................................................... ~ 2.13ms
  2026-08-06 13:54:49 .................................................................................... ~ 512.62ms
  2026-08-06 13:54:50 ...................................................................................... ~ 0.18ms
  2026-08-06 13:54:55 ...................................................................................... ~ 2.22ms
  2026-08-06 13:54:55 ...................................................................................... ~ 0.17ms
  2026-08-06 13:54:56 .......................................................................................... ~ 6s
  2026-08-06 13:55:02 .................................................................................... ~ 512.54ms
  2026-08-06 13:55:02 ...................................................................................... ~ 0.19ms
  2026-08-06 13:55:03 ...................................................................................... ~ 2.19ms
  2026-08-06 13:55:03 ...................................................................................... ~ 3.41ms
  2026-08-06 13:55:03 ...................................................................................... ~ 4.68ms
  2026-08-06 13:55:03 .................................................................................... ~ 515.30ms
  2026-08-06 13:55:03 .................................................................................... ~ 516.58ms
  2026-08-06 13:55:03 .................................................................................... ~ 514.65ms
  2026-08-06 13:55:03 ...................................................................................... ~ 1.37ms
  2026-08-06 13:55:04 .................................................................................... ~ 508.41ms
  2026-08-06 13:55:04 .................................................................................... ~ 508.59ms
  2026-08-06 13:55:04 ...................................................................................... ~ 1.81ms
  2026-08-06 13:55:04 .................................................................................... ~ 508.70ms
  2026-08-06 13:55:04 .................................................................................... ~ 508.86ms
  2026-08-06 13:55:04 ...................................................................................... ~ 1.31ms
  2026-08-06 13:55:05 .................................................................................... ~ 510.05ms
  2026-08-06 13:55:05 .................................................................................... ~ 510.12ms
  2026-08-06 13:55:05 ...................................................................................... ~ 1.30ms
  2026-08-06 13:55:05 .................................................................................... ~ 504.73ms
  2026-08-06 13:55:05 .................................................................................... ~ 504.79ms
  2026-08-06 13:55:06 .................................................................................... ~ 512.01ms
  2026-08-06 13:55:06 .................................................................................... ~ 512.05ms
  2026-08-06 13:55:06 ...................................................................................... ~ 1.67ms
  2026-08-06 13:55:06 ...................................................................................... ~ 1.40ms
  2026-08-06 13:55:06 .................................................................................... ~ 512.49ms
  2026-08-06 13:55:06 ...................................................................................... ~ 0.15ms
  2026-08-06 13:55:07 ...................................................................................... ~ 0.14ms
  2026-08-06 13:55:07 ...................................................................................... ~ 2.28ms
  2026-08-06 13:55:07 ...................................................................................... ~ 0.15ms
  2026-08-06 13:55:08 .................................................................................... ~ 513.28ms
  2026-08-06 13:55:08 .................................................................................... ~ 515.02ms
  2026-08-06 13:55:08 ...................................................................................... ~ 0.15ms
  2026-08-06 13:55:08 .................................................................................... ~ 508.56ms
  2026-08-06 13:55:08 ...................................................................................... ~ 0.18ms
  2026-08-06 13:55:08 ...................................................................................... ~ 1.30ms
  2026-08-06 13:55:08 ...................................................................................... ~ 2.42ms
  2026-08-06 13:55:08 .................................................................................... ~ 511.31ms
  2026-08-06 13:55:09 ...................................................................................... ~ 0.17ms
  2026-08-06 13:55:09 .................................................................................... ~ 507.71ms
  2026-08-06 13:55:10 ...................................................................................... ~ 0.16ms
  2026-08-06 13:55:10 ...................................................................................... ~ 0.16ms
  2026-08-06 13:55:10 ...................................................................................... ~ 4.13ms
  2026-08-06 13:55:11 ...................................................................................... ~ 4.12ms
  2026-08-06 13:55:11 .................................................................................... ~ 517.12ms
  2026-08-06 13:55:12 ...................................................................................... ~ 2.37ms
  2026-08-06 13:55:12 .................................................................................... ~ 513.16ms
  2026-08-06 13:55:13 ...................................................................................... ~ 0.27ms
  2026-08-06 13:55:13 ...................................................................................... ~ 0.15ms
  2026-08-06 13:55:13 ...................................................................................... ~ 0.32ms
  2026-08-06 13:55:15 ...................................................................................... ~ 2.31ms
  2026-08-06 13:55:15 ...................................................................................... ~ 3.85ms
  2026-08-06 13:55:15 .................................................................................... ~ 512.44ms
  2026-08-06 13:55:15 .................................................................................... ~ 513.60ms
  2026-08-06 13:55:16 ...................................................................................... ~ 0.21ms
  2026-08-06 13:55:16 .................................................................................... ~ 517.56ms
  2026-08-06 13:55:16 .................................................................................... ~ 517.76ms
  2026-08-06 13:55:17 .................................................................................... ~ 507.64ms
  2026-08-06 13:55:27 ...................................................................................... ~ 2.29ms
  2026-08-06 13:55:27 ...................................................................................... ~ 3.47ms
  2026-08-06 13:55:28 .................................................................................... ~ 510.78ms
  2026-08-06 13:55:28 ...................................................................................... ~ 0.14ms
  2026-08-06 13:55:29 ...................................................................................... ~ 2.12ms
  2026-08-06 13:55:29 ...................................................................................... ~ 3.29ms
  2026-08-06 13:55:29 .................................................................................... ~ 517.76ms
  2026-08-06 13:55:29 .................................................................................... ~ 519.08ms
  2026-08-06 13:55:29 .................................................................................... ~ 520.77ms
  2026-08-06 13:55:29 .................................................................................... ~ 522.27ms
  2026-08-06 13:55:30 .................................................................................... ~ 503.86ms
  2026-08-06 13:55:30 .................................................................................... ~ 505.40ms
  2026-08-06 13:55:30 ...................................................................................... ~ 1.36ms
  2026-08-06 13:55:30 .................................................................................... ~ 509.73ms
  2026-08-06 13:55:30 .................................................................................... ~ 510.00ms
  2026-08-06 13:55:31 ...................................................................................... ~ 1.75ms
  2026-08-06 13:55:31 .................................................................................... ~ 512.69ms
  2026-08-06 13:55:31 .................................................................................... ~ 513.13ms
  2026-08-06 13:55:31 .................................................................................... ~ 514.55ms
  2026-08-06 13:55:31 .................................................................................... ~ 514.39ms
  2026-08-06 13:55:31 ...................................................................................... ~ 1.32ms
  2026-08-06 13:55:32 ...................................................................................... ~ 2.04ms
  2026-08-06 13:55:32 .......................................................................................... ~ 6s
  2026-08-06 13:55:39 .......................................................................................... ~ 4s
  2026-08-06 13:55:44 .......................................................................................... ~ 2s
  2026-08-06 13:55:46 ...................................................................................... ~ 0.38ms
  2026-08-06 13:55:46 .................................................................................... ~ 516.14ms
  2026-08-06 13:55:47 .................................................................................... ~ 513.61ms
  2026-08-06 13:56:13 ...................................................................................... ~ 0.48ms
  2026-08-06 13:56:13 .................................................................................... ~ 513.60ms
  2026-08-06 13:56:14 .................................................................................... ~ 506.61ms
  2026-08-06 13:56:14 ...................................................................................... ~ 0.17ms
  2026-08-06 13:56:14 .......................................................................................... ~ 8s
  2026-08-06 13:56:23 .................................................................................... ~ 509.59ms
  2026-08-06 13:56:24 .......................................................................................... ~ 1s
  2026-08-06 13:56:25 ...................................................................................... ~ 0.26ms
  2026-08-06 13:56:37 ...................................................................................... ~ 2.35ms
  2026-08-06 13:56:38 .................................................................................... ~ 516.17ms
  2026-08-06 13:56:38 .......................................................................................... ~ 5s
  2026-08-06 13:56:44 .................................................................................... ~ 511.60ms
  2026-08-06 13:56:44 ...................................................................................... ~ 0.24ms
  2026-08-06 13:56:45 .................................................................................... ~ 507.42ms
  2026-08-06 13:56:45 ...................................................................................... ~ 0.16ms
  2026-08-06 13:56:45 ...................................................................................... ~ 1.27ms
  2026-08-06 13:56:45 ...................................................................................... ~ 1.31ms
  2026-08-06 13:56:45 .................................................................................... ~ 508.27ms
  2026-08-06 13:56:45 .................................................................................... ~ 508.49ms
  2026-08-06 13:56:45 ...................................................................................... ~ 1.37ms
  2026-08-06 13:56:46 ...................................................................................... ~ 1.29ms
  2026-08-06 13:56:46 .................................................................................... ~ 508.11ms
  2026-08-06 13:56:46 .................................................................................... ~ 508.25ms
  2026-08-06 13:56:46 ...................................................................................... ~ 1.49ms
  2026-08-06 13:56:46 .................................................................................... ~ 507.46ms
  2026-08-06 13:56:46 .................................................................................... ~ 507.61ms
  2026-08-06 13:56:47 .................................................................................... ~ 508.35ms
  2026-08-06 13:56:47 .................................................................................... ~ 507.98ms
  2026-08-06 13:56:47 ...................................................................................... ~ 1.50ms
  2026-08-06 13:56:47 .................................................................................... ~ 509.77ms
  2026-08-06 13:56:47 .................................................................................... ~ 511.97ms
  2026-08-06 13:56:47 ...................................................................................... ~ 2.27ms
  2026-08-06 13:56:48 .................................................................................... ~ 505.66ms
  2026-08-06 13:56:48 .................................................................................... ~ 505.68ms
  2026-08-06 13:56:52 ...................................................................................... ~ 0.37ms
  2026-08-06 13:56:52 ...................................................................................... ~ 0.24ms
  2026-08-06 13:56:52 .......................................................................................... ~ 3s
  2026-08-06 13:56:55 .......................................................................................... ~ 4s
  2026-08-06 13:57:00 ...................................................................................... ~ 1m 54s
  2026-08-06 14:04:33 ...................................................................................... ~ 0.32ms
  2026-08-06 14:04:33 .......................................................................................... ~ 5s
  2026-08-06 14:04:38 ......................................................................................... ~ 44s
  2026-08-06 14:05:23 .................................................................................... ~ 510.17ms
  2026-08-06 14:05:23 ...................................................................................... ~ 0.22ms
  2026-08-06 14:05:23 ...................................................................................... ~ 0.28ms
  2026-08-06 14:05:23 ...................................................................................... ~ 1.66ms
  2026-08-06 14:05:23 .................................................................................... ~ 514.22ms
  2026-08-06 14:05:23 .................................................................................... ~ 515.43ms
  2026-08-06 14:05:23 .................................................................................... ~ 516.50ms
  2026-08-06 14:05:24 .................................................................................... ~ 516.50ms
  2026-08-06 14:05:24 .................................................................................... ~ 513.77ms
  2026-08-06 14:05:24 .................................................................................... ~ 514.33ms
  2026-08-06 14:05:24 ...................................................................................... ~ 2.26ms
  2026-08-06 14:05:25 .................................................................................... ~ 506.59ms
  2026-08-06 14:05:25 .................................................................................... ~ 506.46ms
  2026-08-06 14:05:25 ...................................................................................... ~ 1.34ms
  2026-08-06 14:05:25 .................................................................................... ~ 513.58ms
  2026-08-06 14:05:25 .................................................................................... ~ 513.77ms
  2026-08-06 14:05:26 ...................................................................................... ~ 1.79ms
  2026-08-06 14:05:26 .................................................................................... ~ 511.63ms
  2026-08-06 14:05:26 .................................................................................... ~ 512.00ms
  2026-08-06 14:05:26 ...................................................................................... ~ 1.54ms
  2026-08-06 14:05:26 .................................................................................... ~ 513.20ms
  2026-08-06 15:31:06 ...................................................................................... ~ 4.20ms
  2026-08-06 15:31:07 .................................................................................... ~ 501.24ms
  2026-08-06 15:31:08 ...................................................................................... ~ 0.51ms
  2026-08-06 15:31:08 ..................................................................................... ~ 20.74ms
  2026-08-06 15:31:08 ...................................................................................... ~ 1m 20s
